- Nikto v2.1.5
---------------------------------------------------------------------------
+ Target IP:          103.253.15.110
+ Target Hostname:    2degrees.com.my
+ Target Port:        443
---------------------------------------------------------------------------
+ SSL Info:        Subject: /CN=2degrees.com.my
                   Ciphers: ECDHE-RSA-AES256-GCM-SHA384
                   Issuer:  /C=GB/ST=Greater Manchester/L=Salford/O=Sectigo Limited/CN=Sectigo RSA Domain Validation Secure Server CA
+ Start Time:         2025-10-31 09:41:14 (GMT0)
---------------------------------------------------------------------------
+ Server: Microsoft-IIS/10.0
+ Retrieved x-powered-by header: ASP.NET
+ Retrieved x-aspnet-version header: 4.0.30319
+ The anti-clickjacking X-Frame-Options header is not present.
+ Server leaks inodes via ETags, header found with file /favicon.ico, fields: 0xff2d6bff83da1:0 
+ Server banner has changed from 'Microsoft-IIS/10.0' to 'Microsoft-HTTPAPI/2.0' which may suggest a WAF, load balancer or proxy is in place
+ Allowed HTTP Methods: OPTIONS, TRACE, GET, HEAD, POST 
+ Public HTTP Methods: OPTIONS, TRACE, GET, HEAD, POST 
+ 6544 items checked: 0 error(s) and 6 item(s) reported on remote host
+ End Time:           2025-10-31 09:51:53 (GMT0) (639 seconds)
---------------------------------------------------------------------------
+ 1 host(s) tested
$ nikto -o /home/archerysec/app/nikto_result/105a6b89-075c-4603-863a-a2646412c7a2.html -Format htm -timeout 15 -ask no -ssl -host 2degrees.com.my
