- Nikto v2.1.5
---------------------------------------------------------------------------
+ ERROR: Host maximum execution time of 3600 seconds reached
+ Target IP:          54.73.53.134
+ Target Hostname:    juice-shop.herokuapp.com
+ Target Port:        443
---------------------------------------------------------------------------
+ SSL Info:        Subject: /CN=*.herokuapp.com
                   Ciphers: ECDHE-RSA-AES128-GCM-SHA256
                   Issuer:  /C=US/O=Amazon/CN=Amazon RSA 2048 M02
+ Start Time:         2025-10-24 02:58:35 (GMT0)
---------------------------------------------------------------------------
+ Server: Heroku
+ Retrieved via header: 1.1 heroku-router
+ The anti-clickjacking X-Frame-Options header is not present.
+ Uncommon header 'reporting-endpoints' found, with contents: heroku-nel="https://nel.heroku.com/reports?s=TLF5uTfswyfv0tmBhfvAXb3BLQgdEpU6ZWCpy46Hv3Q%3D&sid=812dcc77-0bd0-43b1-a5f1-b25750382959&ts=1761274718"
+ Uncommon header 'report-to' found, with contents: {"group":"heroku-nel","endpoints":[{"url":"https://nel.heroku.com/reports?s=TLF5uTfswyfv0tmBhfvAXb3BLQgdEpU6ZWCpy46Hv3Q%3D\u0026sid=812dcc77-0bd0-43b1-a5f1-b25750382959\u0026ts=1761274718"}],"max_age":3600}
+ Uncommon header 'nel' found, with contents: {"report_to":"heroku-nel","response_headers":["Via"],"max_age":3600,"success_fraction":0.01,"failure_fraction":0.1}
+ No CGI Directories found (use '-C all' to force check all possible dirs)
+ "robots.txt" retrieved but it does not contain any 'disallow' entries (which is odd).
+ lines
+ /crossdomain.xml contains 0 line which should be manually viewed for improper domains or wildcards.
+ Server banner has changed from 'Heroku' to 'heroku-router' which may suggest a WAF, load balancer or proxy is in place
+ Server leaks inodes via ETags, header found with file /index.php, fields: 0xW/124fa 0x19a142ae1f6 
+ Uncommon header 'x-recruiting' found, with contents: /#/jobs
+ Uncommon header 'x-frame-options' found, with contents: SAMEORIGIN
+ Uncommon header 'feature-policy' found, with contents: payment 'self'
+ Uncommon header 'access-control-allow-origin' found, with contents: *
+ Uncommon header 'x-content-type-options' found, with contents: nosniff
+ Server is using a wildcard certificate: '*.herokuapp.com'
+ Uncommon header 'access-control-allow-methods' found, with contents: GET,HEAD,PUT,PATCH,POST,DELETE
+ 0 items checked: 1 error(s) and 16 item(s) reported on remote host
+ End Time:           2025-10-24 03:03:39 (GMT0) (304 seconds)
---------------------------------------------------------------------------
+ 1 host(s) tested
$ nikto -o /home/archerysec/app/nikto_result/5d56ca7d-f053-4d93-a06c-40db76dc8e44.html -Format htm -maxtime 1h -timeout 15 -Tuning 123bde -ssl -host juice-shop.herokuapp.com
