- Nikto v2.1.5
---------------------------------------------------------------------------
+ Target IP:          54.220.192.176
+ Target Hostname:    juice-shop.herokuapp.com
+ Target Port:        443
---------------------------------------------------------------------------
+ SSL Info:        Subject: /CN=*.herokuapp.com
                   Ciphers: ECDHE-RSA-AES128-GCM-SHA256
                   Issuer:  /C=US/O=Amazon/CN=Amazon RSA 2048 M02
+ Start Time:         2025-11-03 16:22:17 (GMT8)
---------------------------------------------------------------------------
+ Server: Heroku
+ Retrieved via header: 1.1 heroku-router
+ Server leaks inodes via ETags, header found with file /, fields: 0xW/124fa 0x19a48a59196 
+ Uncommon header 'nel' found, with contents: {"report_to":"heroku-nel","response_headers":["Via"],"max_age":3600,"success_fraction":0.01,"failure_fraction":0.1}
+ Uncommon header 'reporting-endpoints' found, with contents: heroku-nel="https://nel.heroku.com/reports?s=VLB6WQgzbEekN9ZzkjPgrtlyj7rPZxIr6m8yqt5PLkI%3D&sid=812dcc77-0bd0-43b1-a5f1-b25750382959&ts=1762158139"
+ Uncommon header 'x-recruiting' found, with contents: /#/jobs
+ Uncommon header 'access-control-allow-origin' found, with contents: *
+ Uncommon header 'report-to' found, with contents: {"group":"heroku-nel","endpoints":[{"url":"https://nel.heroku.com/reports?s=VLB6WQgzbEekN9ZzkjPgrtlyj7rPZxIr6m8yqt5PLkI%3D\u0026sid=812dcc77-0bd0-43b1-a5f1-b25750382959\u0026ts=1762158139"}],"max_age":3600}
+ Uncommon header 'feature-policy' found, with contents: payment 'self'
+ Uncommon header 'x-frame-options' found, with contents: SAMEORIGIN
+ Uncommon header 'x-content-type-options' found, with contents: nosniff
+ No CGI Directories found (use '-C all' to force check all possible dirs)
+ File/dir '/ftp/' in robots.txt returned a non-forbidden or redirect HTTP code (200)
+ "robots.txt" contains 1 entry which should be manually viewed.
+ Server banner has changed from 'Heroku' to 'heroku-router' which may suggest a WAF, load balancer or proxy is in place
+ Server is using a wildcard certificate: '*.herokuapp.com'
+ Uncommon header 'access-control-allow-methods' found, with contents: GET,HEAD,PUT,PATCH,POST,DELETE
+ 66 items checked: 3 error(s) and 14 item(s) reported on remote host
+ End Time:           2025-11-03 16:27:35 (GMT8) (318 seconds)
---------------------------------------------------------------------------
+ 1 host(s) tested
$ nikto -o /home/archerysec/app/nikto_result/6ee552fe-bb6e-46a6-8aa0-466bc6cfcbb7.html -Format htm -timeout 15 -ask no -Tuning 3b -ssl -host juice-shop.herokuapp.com
