- Nikto v2.1.5
---------------------------------------------------------------------------
+ Target IP:          54.220.192.176
+ Target Hostname:    juice-shop.herokuapp.com
+ Target Port:        443
---------------------------------------------------------------------------
+ SSL Info:        Subject: /CN=*.herokuapp.com
                   Ciphers: ECDHE-RSA-AES128-GCM-SHA256
                   Issuer:  /C=US/O=Amazon/CN=Amazon RSA 2048 M02
+ Start Time:         2025-11-06 16:24:50 (GMT8)
---------------------------------------------------------------------------
+ Server: Heroku
+ Retrieved via header: 1.1 heroku-router
+ Server leaks inodes via ETags, header found with file /, fields: 0xW/124fa 0x19a5830428c 
+ Uncommon header 'nel' found, with contents: {"report_to":"heroku-nel","response_headers":["Via"],"max_age":3600,"success_fraction":0.01,"failure_fraction":0.1}
+ Uncommon header 'reporting-endpoints' found, with contents: heroku-nel="https://nel.heroku.com/reports?s=r3WFUGTtsxt%2Bj9zMINn61q3aTxMAXrk6%2BpYNKChIyb4%3D&sid=812dcc77-0bd0-43b1-a5f1-b25750382959&ts=1762417492"
+ Uncommon header 'x-frame-options' found, with contents: SAMEORIGIN
+ Uncommon header 'access-control-allow-origin' found, with contents: *
+ Uncommon header 'report-to' found, with contents: {"group":"heroku-nel","endpoints":[{"url":"https://nel.heroku.com/reports?s=r3WFUGTtsxt%2Bj9zMINn61q3aTxMAXrk6%2BpYNKChIyb4%3D\u0026sid=812dcc77-0bd0-43b1-a5f1-b25750382959\u0026ts=1762417492"}],"max_age":3600}
+ Uncommon header 'x-content-type-options' found, with contents: nosniff
+ Uncommon header 'feature-policy' found, with contents: payment 'self'
+ Uncommon header 'x-recruiting' found, with contents: /#/jobs
+ No CGI Directories found (use '-C all' to force check all possible dirs)
+ File/dir '/ftp/' in robots.txt returned a non-forbidden or redirect HTTP code (200)
+ "robots.txt" contains 1 entry which should be manually viewed.
