- Nikto v2.1.5
---------------------------------------------------------------------------
+ Target IP:          46.137.15.86
+ Target Hostname:    juice-shop.herokuapp.com
+ Target Port:        443
---------------------------------------------------------------------------
+ SSL Info:        Subject: /CN=*.herokuapp.com
                   Ciphers: ECDHE-RSA-AES128-GCM-SHA256
                   Issuer:  /C=US/O=Amazon/CN=Amazon RSA 2048 M02
+ Start Time:         2025-10-29 02:15:15 (GMT0)
---------------------------------------------------------------------------
+ Server: Heroku
+ Retrieved via header: 1.1 heroku-router
+ Server leaks inodes via ETags, header found with file /, fields: 0xW/124fa 0x19a2d648219 
+ Uncommon header 'x-recruiting' found, with contents: /#/jobs
+ Uncommon header 'reporting-endpoints' found, with contents: heroku-nel="https://nel.heroku.com/reports?s=SnJdwGzCpqR0EDsdjwkXgSXuzq%2FW81R2GujKHM6k6XA%3D&sid=812dcc77-0bd0-43b1-a5f1-b25750382959&ts=1761704115"
+ Uncommon header 'report-to' found, with contents: {"group":"heroku-nel","endpoints":[{"url":"https://nel.heroku.com/reports?s=SnJdwGzCpqR0EDsdjwkXgSXuzq%2FW81R2GujKHM6k6XA%3D\u0026sid=812dcc77-0bd0-43b1-a5f1-b25750382959\u0026ts=1761704115"}],"max_age":3600}
+ Uncommon header 'x-frame-options' found, with contents: SAMEORIGIN
+ Uncommon header 'access-control-allow-origin' found, with contents: *
+ Uncommon header 'x-content-type-options' found, with contents: nosniff
+ Uncommon header 'feature-policy' found, with contents: payment 'self'
+ Uncommon header 'nel' found, with contents: {"report_to":"heroku-nel","response_headers":["Via"],"max_age":3600,"success_fraction":0.01,"failure_fraction":0.1}
+ No CGI Directories found (use '-C all' to force check all possible dirs)
+ File/dir '/ftp/' in robots.txt returned a non-forbidden or redirect HTTP code (200)
+ "robots.txt" contains 1 entry which should be manually viewed.
+ Server banner has changed from 'Heroku' to 'heroku-router' which may suggest a WAF, load balancer or proxy is in place
+ Server is using a wildcard certificate: '*.herokuapp.com'
+ Uncommon header 'access-control-allow-methods' found, with contents: GET,HEAD,PUT,PATCH,POST,DELETE
+ 66 items checked: 3 error(s) and 14 item(s) reported on remote host
+ End Time:           2025-10-29 02:21:24 (GMT0) (369 seconds)
---------------------------------------------------------------------------
+ 1 host(s) tested
$ nikto -o /home/archerysec/app/nikto_result/b8227b12-e17c-4d23-92cd-24dc3cd86a94.html -Format htm -timeout 15 -ask no -Tuning 3b -ssl -host juice-shop.herokuapp.com
