- Nikto v2.1.5
---------------------------------------------------------------------------
+ Target IP:          54.220.192.176
+ Target Hostname:    juice-shop.herokuapp.com
+ Target Port:        443
---------------------------------------------------------------------------
+ SSL Info:        Subject: /CN=*.herokuapp.com
                   Ciphers: ECDHE-RSA-AES128-GCM-SHA256
                   Issuer:  /C=US/O=Amazon/CN=Amazon RSA 2048 M02
+ Start Time:         2025-10-21 08:31:00 (GMT0)
---------------------------------------------------------------------------
+ Server: Heroku
+ Retrieved via header: 1.1 heroku-router
+ The anti-clickjacking X-Frame-Options header is not present.
+ Uncommon header 'nel' found, with contents: {"report_to":"heroku-nel","response_headers":["Via"],"max_age":3600,"success_fraction":0.01,"failure_fraction":0.1}
+ Uncommon header 'reporting-endpoints' found, with contents: heroku-nel="https://nel.heroku.com/reports?s=SzmS5TEDw%2Fo1GX67Jb%2BQHisZJ86SPUngR5G%2BVKTi09E%3D&sid=812dcc77-0bd0-43b1-a5f1-b25750382959&ts=1761035466"
+ Uncommon header 'report-to' found, with contents: {"group":"heroku-nel","endpoints":[{"url":"https://nel.heroku.com/reports?s=SzmS5TEDw%2Fo1GX67Jb%2BQHisZJ86SPUngR5G%2BVKTi09E%3D\u0026sid=812dcc77-0bd0-43b1-a5f1-b25750382959\u0026ts=1761035466"}],"max_age":3600}
+ No CGI Directories found (use '-C all' to force check all possible dirs)
+ "robots.txt" retrieved but it does not contain any 'disallow' entries (which is odd).
+ lines
+ /crossdomain.xml contains 0 line which should be manually viewed for improper domains or wildcards.
+ Server banner has changed from 'Heroku' to 'heroku-router' which may suggest a WAF, load balancer or proxy is in place
+ Server leaks inodes via ETags, header found with file /hp/device/this.LCDispatcher, fields: 0xW/124fa 0x19a05ea60dc 
+ Uncommon header 'x-content-type-options' found, with contents: nosniff
+ Uncommon header 'feature-policy' found, with contents: payment 'self'
+ Uncommon header 'x-frame-options' found, with contents: SAMEORIGIN
+ Uncommon header 'x-recruiting' found, with contents: /#/jobs
+ Uncommon header 'access-control-allow-origin' found, with contents: *
+ Server is using a wildcard certificate: '*.herokuapp.com'
+ 0 items checked: 3 error(s) and 15 item(s) reported on remote host
+ End Time:           2025-10-21 08:38:19 (GMT0) (439 seconds)
---------------------------------------------------------------------------
+ 1 host(s) tested
$ nikto -o /home/archerysec/app/nikto_result/e570e078-4155-4ced-878d-9863385e9a43.html -Format htm -Tuning 123bde49a -host https://juice-shop.herokuapp.com/
