[archerysec] Queued Nikto scan for https://juice-shop.herokuapp.com/#/ (scan_id=4be974d9-a404-414a-8aaf-18fd866a52b1)
[archerysec] Nikto scan initialized for https://juice-shop.herokuapp.com/#/ (scan_id=4be974d9-a404-414a-8aaf-18fd866a52b1)
[archerysec] Logs: /home/archerysec/app/logs/nikto | Results: /home/archerysec/app/nikto_result
[archerysec] Using nikto at: /usr/bin/nikto
- Nikto v2.1.5
---------------------------------------------------------------------------
+ Target IP:          54.220.192.176
+ Target Hostname:    juice-shop.herokuapp.com
+ Target Port:        443
---------------------------------------------------------------------------
+ SSL Info:        Subject: /CN=*.herokuapp.com
                   Ciphers: ECDHE-RSA-AES128-GCM-SHA256
                   Issuer:  /C=US/O=Amazon/CN=Amazon RSA 2048 M01
+ Start Time:         2026-08-31 02:51:42 (GMT8)
---------------------------------------------------------------------------
+ Server: Heroku
+ Retrieved via header: 1.1 heroku-router
+ The anti-clickjacking X-Frame-Options header is not present.
+ Uncommon header 'nel' found, with contents: {"report_to":"heroku-nel","response_headers":["Via"],"max_age":3600,"success_fraction":0.01,"failure_fraction":0.1}
+ Uncommon header 'reporting-endpoints' found, with contents: heroku-nel="https://nel.heroku.com/reports?s=7jtknWzSAKJbenxqea8NJzUTEGecEfVLnJZLPmGAXQc%3D&sid=812dcc77-0bd0-43b1-a5f1-b25750382959&ts=1788115908"
+ Uncommon header 'report-to' found, with contents: {"group":"heroku-nel","endpoints":[{"url":"https://nel.heroku.com/reports?s=7jtknWzSAKJbenxqea8NJzUTEGecEfVLnJZLPmGAXQc%3D\u0026sid=812dcc77-0bd0-43b1-a5f1-b25750382959\u0026ts=1788115908"}],"max_age":3600}
