[archerysec] Queued Nikto scan for http://172.18.0.10/ (scan_id=50f30f9d-a3bd-4f38-9796-a667374bb78e)
[archerysec] Nikto scan initialized for http://172.18.0.10/ (scan_id=50f30f9d-a3bd-4f38-9796-a667374bb78e)
[archerysec] Logs: /home/archerysec/app/logs/nikto | Results: /home/archerysec/app/nikto_result
[archerysec] Using nikto at: /usr/bin/nikto
- Nikto v2.1.5
---------------------------------------------------------------------------
+ Target IP:          172.18.0.10
+ Target Hostname:    172.18.0.10
+ Target Port:        80
+ Start Time:         2026-09-12 21:04:50 (GMT8)
---------------------------------------------------------------------------
+ Server: Apache/2.2.8 (Ubuntu) DAV/2
+ Retrieved x-powered-by header: PHP/5.2.4-2ubuntu5.10
+ The anti-clickjacking X-Frame-Options header is not present.
+ Apache/2.2.8 appears to be outdated (current is at least Apache/2.2.22). Apache 1.3.42 (final release) and 2.0.64 are also current.
+ DEBUG HTTP verb may show server debugging information. See http://msdn.microsoft.com/en-us/library/e8z01xdh%28VS.80%29.aspx for details.
+ OSVDB-877: HTTP TRACE method is active, suggesting the host is vulnerable to XST
+ OSVDB-3233: /phpinfo.php: Contains PHP configuration information
+ OSVDB-3268: /doc/: Directory indexing found.
+ OSVDB-48: /doc/: The /doc/ directory is browsable. This may be /usr/doc.
+ OSVDB-12184: /index.php?=PHPB8B5F2A0-3C92-11d3-A3A9-4C7B08C10000: PHP reveals potentially sensitive information via certain HTTP requests that contain specific QUERY strings.
+ OSVDB-3092: /phpMyAdmin/changelog.php: phpMyAdmin is for managing MySQL databases, and should be protected or limited to authorized hosts.
+ Cookie phpMyAdmin created without the httponly flag
+ OSVDB-3092: /phpMyAdmin/: phpMyAdmin is for managing MySQL databases, and should be protected or limited to authorized hosts.
+ OSVDB-3268: /test/: Directory indexing found.
+ OSVDB-3092: /test/: This might be interesting...
+ OSVDB-3268: /icons/: Directory indexing found.
+ Server leaks inodes via ETags, header found with file /icons/README, inode: 1169402, size: 5108, mtime: 0x438c0358aae80
+ OSVDB-3233: /icons/README: Apache default file found.
+ /phpMyAdmin/: phpMyAdmin directory found
+ 6544 items checked: 0 error(s) and 18 item(s) reported on remote host
+ End Time:           2026-09-12 21:05:08 (GMT8) (18 seconds)
---------------------------------------------------------------------------
+ 1 host(s) tested
$ nikto -o /home/archerysec/app/nikto_result/50f30f9d-a3bd-4f38-9796-a667374bb78e.html -Format htm -timeout 15 -ask no -nolookup -host 172.18.0.10
