[archerysec] Queued Nikto scan for https://juice-shop.herokuapp.com/ (scan_id=68b6b29d-0594-4b23-a4c2-c6bb192dcb21)
[archerysec] Nikto scan initialized for https://juice-shop.herokuapp.com/ (scan_id=68b6b29d-0594-4b23-a4c2-c6bb192dcb21)
[archerysec] Logs: /home/archerysec/app/logs/nikto | Results: /home/archerysec/app/nikto_result
[archerysec] Using nikto at: /usr/bin/nikto
- Nikto v2.1.5
---------------------------------------------------------------------------
+ ERROR: Host maximum execution time of 180 seconds reached
+ Target IP:          54.220.192.176
+ Target Hostname:    juice-shop.herokuapp.com
+ Target Port:        443
---------------------------------------------------------------------------
+ SSL Info:        Subject: /CN=*.herokuapp.com
                   Ciphers: ECDHE-RSA-AES128-GCM-SHA256
                   Issuer:  /C=US/O=Amazon/CN=Amazon RSA 2048 M01
+ Start Time:         2026-08-31 03:16:00 (GMT8)
---------------------------------------------------------------------------
+ Server: Heroku
+ Retrieved via header: 1.1 heroku-router
+ Server leaks inodes via ETags, header found with file /, fields: 0xW/24b1 0x1a054194b20 
+ Uncommon header 'access-control-allow-origin' found, with contents: *
+ Uncommon header 'x-recruiting' found, with contents: /#/jobs
+ Uncommon header 'x-content-type-options' found, with contents: nosniff
+ Uncommon header 'feature-policy' found, with contents: payment 'self'
+ Uncommon header 'reporting-endpoints' found, with contents: heroku-nel="https://nel.heroku.com/reports?s=NIJ6GEG0XZgTCHs1iIgrjN%2B%2FN0M3HnAQxlZKzT655rQ%3D&sid=812dcc77-0bd0-43b1-a5f1-b25750382959&ts=1788117362"
+ Uncommon header 'report-to' found, with contents: {"group":"heroku-nel","endpoints":[{"url":"https://nel.heroku.com/reports?s=NIJ6GEG0XZgTCHs1iIgrjN%2B%2FN0M3HnAQxlZKzT655rQ%3D\u0026sid=812dcc77-0bd0-43b1-a5f1-b25750382959\u0026ts=1788117362"}],"max_age":3600}
+ Uncommon header 'nel' found, with contents: {"report_to":"heroku-nel","response_headers":["Via"],"max_age":3600,"success_fraction":0.01,"failure_fraction":0.1}
+ Uncommon header 'x-frame-options' found, with contents: SAMEORIGIN
+ ERROR: Host maximum execution time of 180 seconds reached
+ Scan terminated:  0 error(s) and 10 item(s) reported on remote host
+ End Time:           2026-08-31 03:19:07 (GMT8) (187 seconds)
---------------------------------------------------------------------------
+ 1 host(s) tested
$ nikto -o /home/archerysec/app/nikto_result/68b6b29d-0594-4b23-a4c2-c6bb192dcb21.html -Format htm -timeout 15 -ask no -maxtime 3m -ssl -host juice-shop.herokuapp.com
