[archerysec] Queued Nikto scan for http://example.com (scan_id=a72b42bf-3f68-47e9-bc78-6ba07814f902)
[archerysec] Nikto scan initialized for http://example.com (scan_id=a72b42bf-3f68-47e9-bc78-6ba07814f902)
[archerysec] Logs: /home/archerysec/app/logs/nikto | Results: /home/archerysec/app/nikto_result
[archerysec] Using nikto at: /usr/bin/nikto
- Nikto v2.1.5
---------------------------------------------------------------------------
+ Target IP:          104.20.23.154
+ Target Hostname:    example.com
+ Target Port:        80
+ Start Time:         2026-09-01 12:03:20 (GMT8)
---------------------------------------------------------------------------
+ Server: cloudflare
+ The anti-clickjacking X-Frame-Options header is not present.
+ Uncommon header 'cf-cache-status' found, with contents: HIT
+ Uncommon header 'cf-ray' found, with contents: a34162768f1d13df-KUL
+ No CGI Directories found (use '-C all' to force check all possible dirs)
+ Uncommon header 'referrer-policy' found, with contents: same-origin
+ Uncommon header 'x-frame-options' found, with contents: SAMEORIGIN
+ 66 items checked: 0 error(s) and 5 item(s) reported on remote host
+ End Time:           2026-09-01 12:03:30 (GMT8) (10 seconds)
---------------------------------------------------------------------------
+ 1 host(s) tested
$ nikto -o /home/archerysec/app/nikto_result/a72b42bf-3f68-47e9-bc78-6ba07814f902.html -Format htm -timeout 15 -ask no -Tuning 3b -host example.com
