[archerysec] Queued Nikto scan for http://example.com (scan_id=c5406220-dd4a-45e5-94c9-1caf83e7816a)
[archerysec] Nikto scan initialized for http://example.com (scan_id=c5406220-dd4a-45e5-94c9-1caf83e7816a)
[archerysec] Logs: /home/archerysec/app/logs/nikto | Results: /home/archerysec/app/nikto_result
[archerysec] Using nikto at: /usr/bin/nikto
- Nikto v2.1.5
---------------------------------------------------------------------------
+ Target IP:          172.66.147.243
+ Target Hostname:    example.com
+ Target Port:        80
+ Start Time:         2026-09-01 11:54:44 (GMT8)
---------------------------------------------------------------------------
+ Server: cloudflare
+ The anti-clickjacking X-Frame-Options header is not present.
+ Uncommon header 'cf-cache-status' found, with contents: HIT
+ Uncommon header 'cf-ray' found, with contents: a34155e0e9aa13e1-KUL
+ No CGI Directories found (use '-C all' to force check all possible dirs)
+ Uncommon header 'x-frame-options' found, with contents: SAMEORIGIN
+ Uncommon header 'referrer-policy' found, with contents: same-origin
+ 66 items checked: 0 error(s) and 5 item(s) reported on remote host
+ End Time:           2026-09-01 11:55:00 (GMT8) (16 seconds)
---------------------------------------------------------------------------
+ 1 host(s) tested
