[archerysec] Queued Nikto scan for http://example.com/ (scan_id=ef911ba9-5a1e-4e05-9ae8-3acddc3ed727)
[archerysec] Nikto scan initialized for http://example.com/ (scan_id=ef911ba9-5a1e-4e05-9ae8-3acddc3ed727)
[archerysec] Logs: /home/archerysec/app/logs/nikto | Results: /home/archerysec/app/nikto_result
[archerysec] Using nikto at: /usr/bin/nikto
- Nikto v2.1.5
---------------------------------------------------------------------------
+ ERROR: Host maximum execution time of 120 seconds reached
+ Target IP:          172.66.147.243
+ Target Hostname:    example.com
+ Target Port:        80
+ Start Time:         2026-08-31 22:47:28 (GMT8)
---------------------------------------------------------------------------
+ Server: cloudflare
+ The anti-clickjacking X-Frame-Options header is not present.
+ Uncommon header 'cf-cache-status' found, with contents: HIT
+ Uncommon header 'cf-ray' found, with contents: a33cd4a29a4b297e-KUL
+ No CGI Directories found (use '-C all' to force check all possible dirs)
+ Uncommon header 'x-frame-options' found, with contents: SAMEORIGIN
+ Uncommon header 'referrer-policy' found, with contents: same-origin
+ 66 items checked: 0 error(s) and 5 item(s) reported on remote host
+ End Time:           2026-08-31 22:47:32 (GMT8) (4 seconds)
---------------------------------------------------------------------------
+ 1 host(s) tested
$ nikto -o /home/archerysec/app/nikto_result/ef911ba9-5a1e-4e05-9ae8-3acddc3ed727.html -Format htm -timeout 15 -ask no -maxtime 2m -Tuning 3b -host example.com
